success
success
success
success
a//0 b//1 d//1 c//2