success
success
success
success
success
success
success
success
x//1 y//1 z//2 abc//2 cba//2
cba//2 abc//2 z//2 y//1 x//1
y//1 x//1
1
1
x//0